I love my 
It is warm and fat.
My  is grey
It likes to play.