I love my dog
It is warm and fat.
My dog is grey
It likes to play.